✔ [3571/3606] Built ECDSAAdd.Math.CompactRecoveryNegate (2.7s)
✔ [3572/3606] Built ECDSAAdd.Arithmetic.CompactRecoveryNegate (3.8s)
✔ [3573/3606] Built ECDSAAdd.Arithmetic.CompactRecoveryConstant (4.6s)
✔ [3574/3606] Built ECDSAAdd.Arithmetic.CompactRecoveryNegateProof (6.5s)
✔ [3575/3606] Built ECDSAAdd.Arithmetic.PointRecoveryLayout (3.0s)
✔ [3576/3606] Built ECDSAAdd.Arithmetic.PointRecoveryOperations (19s)
✔ [3577/3606] Built ECDSAAdd.Arithmetic.PointDialogConstant (3.9s)
✔ [3578/3606] Built ECDSAAdd.Arithmetic.PointDialogNegate (4.6s)
✔ [3579/3606] Built ECDSAAdd.Arithmetic.PointDialogState (3.0s)
✔ [3580/3606] Built ECDSAAdd.Arithmetic.PointDialogSteps (3.9s)
✔ [3581/3606] Built ECDSAAdd.Arithmetic.PointRecoveryStage (6.9s)
✔ [3582/3606] Built ECDSAAdd.Arithmetic.PointDialogProgram (4.0s)
✔ [3583/3606] Built ECDSAAdd.Arithmetic.ControlledPointLayout (3.8s)
✔ [3584/3606] Built ECDSAAdd.Arithmetic.PointDialogCounts (4.2s)
✔ [3585/3606] Built ECDSAAdd.Arithmetic.PointDialogGeneric (4.4s)
✔ [3586/3606] Built ECDSAAdd.Arithmetic.PointDialogBoundary (3.0s)
✔ [3587/3606] Built ECDSAAdd.Arithmetic.PointSelectors (4.9s)
✔ [3588/3606] Built ECDSAAdd.Arithmetic.SelectedPointOutput (4.1s)
✔ [3589/3606] Built ECDSAAdd.Arithmetic.PointDialogGenericPoint (5.6s)
✔ [3590/3606] Built ECDSAAdd.Arithmetic.PointDialogCorners (5.8s)
✔ [3591/3606] Built ECDSAAdd.Arithmetic.ControlledPointOutput (5.1s)
✔ [3592/3606] Built ECDSAAdd.Arithmetic.PointDialogBoundarySteps (4.5s)
✔ [3593/3606] Built ECDSAAdd.Arithmetic.ControlledPointStages (7.0s)
✔ [3594/3606] Built ECDSAAdd.Arithmetic.PointDialogFlagState (8.7s)
✔ [3595/3606] Built ECDSAAdd.Arithmetic.ControlledPointOutSpec (4.0s)
✔ [3596/3606] Built ECDSAAdd.Arithmetic.PointDialogFlagSteps (7.0s)
✔ [3597/3606] Built ECDSAAdd.Arithmetic.PointDialogFiniteSpec (4.5s)
✔ [3598/3606] Built ECDSAAdd.Arithmetic.PointDialogSupport (66s)
✔ [3599/3606] Built ECDSAAdd.Arithmetic.PointDialogWires (4.8s)
✔ [3600/3606] Built ECDSAAdd.Arithmetic.PointDialogIntegration (4.1s)
✔ [3601/3606] Built ECDSAAdd.Arithmetic.PointDialogResources (3.7s)
✔ [3602/3606] Built ECDSAAdd.Arithmetic.ControlledPointAddSpec (3.9s)
✔ [3603/3606] Built ECDSAAdd.Arithmetic.ControlledPointSupport (18s)
✔ [3604/3606] Built ECDSAAdd.Arithmetic.ControlledPointResources (3.9s)
✔ [3605/3606] Built ECDSAAdd (3.6s)
Build completed successfully (3606 jobs).
