✔ [3541/3599] Built ECDSAAdd.Math.ExactStreamedFold (3.6s)
✔ [3542/3599] Built ECDSAAdd.Math.MeasuredCanonicalCore (3.2s)
✔ [3543/3599] Built ECDSAAdd.Arithmetic.ExactBorrowErase (25s)
✔ [3544/3599] Built ECDSAAdd.Arithmetic.MappedAdder (22s)
✔ [3545/3599] Built ECDSAAdd.Arithmetic.MappedSources (3.3s)
✔ [3546/3599] Built ECDSAAdd.Arithmetic.ConstantBorrow (5.9s)
✔ [3547/3599] Built ECDSAAdd.Arithmetic.MappedSubtract (3.5s)
✔ [3548/3599] Built ECDSAAdd.Arithmetic.MeasuredCanonicalMod (3.8s)
✔ [3549/3599] Built ECDSAAdd.Arithmetic.MappedDiagonal (4.4s)
✔ [3550/3599] Built ECDSAAdd.Arithmetic.MeasuredCanonicalModProof (4.0s)
✔ [3551/3599] Built ECDSAAdd.Arithmetic.MappedSignedSquare (4.9s)
✔ [3552/3599] Built ECDSAAdd.Arithmetic.MeasuredStreamedSquare (4.0s)
✔ [3553/3599] Built ECDSAAdd.Arithmetic.MaskedSquareAction (4.8s)
✔ [3554/3599] Built ECDSAAdd.Arithmetic.MeasuredStreamedResources (5.1s)
✔ [3555/3599] Built ECDSAAdd.Arithmetic.MeasuredSourceNormalize (4.3s)
✔ [3556/3599] Built ECDSAAdd.Arithmetic.MaskedSquareCallback (8.8s)
✔ [3557/3599] Built ECDSAAdd.Arithmetic.MeasuredGateSupport (13s)
✔ [3558/3599] Built ECDSAAdd.Arithmetic.MeasuredFoldKernel (5.2s)
✔ [3559/3599] Built ECDSAAdd.Arithmetic.MeasuredCopySlice (3.9s)
✔ [3560/3599] Built ECDSAAdd.Arithmetic.MeasuredStreamedSupport (9.8s)
✔ [3561/3599] Built ECDSAAdd.Arithmetic.MeasuredCopiedFold (5.6s)
✔ [3562/3599] Built ECDSAAdd.Arithmetic.MeasuredStreamedFoldProof (3.7s)
✔ [3563/3599] Built ECDSAAdd.Arithmetic.MeasuredStreamedLoopProof (4.0s)
✔ [3564/3599] Built ECDSAAdd.Arithmetic.MeasuredStreamedMaskedProof (3.8s)
✔ [3565/3599] Built ECDSAAdd.Arithmetic.MeasuredStreamedViews (4.2s)
✔ [3566/3599] Built ECDSAAdd.Arithmetic.MeasuredStreamedPayloads (4.7s)
✔ [3567/3599] Built ECDSAAdd.Arithmetic.MeasuredStreamedBranches (4.4s)
✔ [3568/3599] Built ECDSAAdd.Arithmetic.MeasuredStreamedResult (4.3s)
✔ [3569/3599] Built ECDSAAdd.Arithmetic.MeasuredStreamedCProof (5.3s)
✔ [3570/3599] Built ECDSAAdd.Arithmetic.MeasuredStreamedSquareProof (4.8s)
✔ [3571/3599] Built ECDSAAdd.Arithmetic.PointMeasuredSquareCandidate (132s)
✔ [3572/3599] Built ECDSAAdd.Arithmetic.PointDialogSquare (5.4s)
✔ [3573/3599] Built ECDSAAdd.Arithmetic.PointDialogState (3.7s)
✔ [3574/3599] Built ECDSAAdd.Arithmetic.PointDialogSteps (4.1s)
✔ [3575/3599] Built ECDSAAdd.Arithmetic.PointDialogProgram (3.0s)
✔ [3576/3599] Built ECDSAAdd.Arithmetic.ControlledPointLayout (4.1s)
✔ [3577/3599] Built ECDSAAdd.Arithmetic.PointDialogSupport (5.2s)
✔ [3578/3599] Built ECDSAAdd.Arithmetic.PointDialogCounts (5.7s)
✔ [3579/3599] Built ECDSAAdd.Arithmetic.PointDialogGeneric (5.8s)
✔ [3580/3599] Built ECDSAAdd.Arithmetic.PointSelectors (4.3s)
✔ [3581/3599] Built ECDSAAdd.Arithmetic.PointDialogBoundary (3.0s)
✔ [3582/3599] Built ECDSAAdd.Arithmetic.SelectedPointOutput (3.8s)
✔ [3583/3599] Built ECDSAAdd.Arithmetic.PointDialogGenericPoint (4.2s)
✔ [3584/3599] Built ECDSAAdd.Arithmetic.PointDialogCorners (4.5s)
✔ [3585/3599] Built ECDSAAdd.Arithmetic.ControlledPointOutput (4.7s)
✔ [3586/3599] Built ECDSAAdd.Arithmetic.PointDialogBoundarySteps (4.1s)
✔ [3587/3599] Built ECDSAAdd.Arithmetic.ControlledPointStages (7.9s)
✔ [3588/3599] Built ECDSAAdd.Arithmetic.PointDialogFlagState (8.7s)
✔ [3589/3599] Built ECDSAAdd.Arithmetic.ControlledPointOutSpec (3.9s)
✔ [3590/3599] Built ECDSAAdd.Arithmetic.PointDialogFlagSteps (6.1s)
✔ [3591/3599] Built ECDSAAdd.Arithmetic.PointDialogFiniteSpec (4.4s)
✔ [3592/3599] Built ECDSAAdd.Arithmetic.PointDialogWires (4.8s)
✔ [3593/3599] Built ECDSAAdd.Arithmetic.PointDialogIntegration (4.1s)
✔ [3594/3599] Built ECDSAAdd.Arithmetic.ControlledPointAddSpec (3.7s)
✔ [3595/3599] Built ECDSAAdd.Arithmetic.PointDialogResources (3.9s)
✔ [3596/3599] Built ECDSAAdd.Arithmetic.ControlledPointSupport (18s)
✔ [3597/3599] Built ECDSAAdd.Arithmetic.ControlledPointResources (3.6s)
✔ [3598/3599] Built ECDSAAdd (3.4s)
Build completed successfully (3599 jobs).
